// Jest Snapshot v1, https://goo.gl/fbAQLP

exports[`renders correctly 1`] = `
<header
  className="header text-center navbar navbar-expand-xl navbar-light"
>
  <div
    className="navbar-brand header__brand"
  >
    <a
      className="header__homelink"
      href="/"
    >
      <img
        alt="postman logo"
        className="header__logo"
        src="test-file-stub"
      />
      <span
        className="header__title"
      >
        Learning Center
      </span>
    </a>
  </div>
  <button
    className="navbar-toggler"
    onClick={[Function]}
    type="button"
  >
    <span
      className="navbar-toggler-icon"
    />
  </button>
  <div
    className="header__right-links justify-content-end navbar-nav mr-auto navbar-collapse collapse show
            
            
            closed
            "
    id="navbarSupportedContent"
  >
    <div
      className="form-inline header__search"
    >
      <div
        className="ais-InstantSearch__root"
      >
        <div
          className="ais-SearchBox searchbox"
        >
          <form
            action=""
            className="ais-SearchBox-form"
            noValidate={true}
            onReset={[Function]}
            onSubmit={[Function]}
            role="search"
          >
            <input
              autoCapitalize="off"
              autoComplete="off"
              autoCorrect="off"
              autoFocus={false}
              className="ais-SearchBox-input"
              maxLength="512"
              onChange={[Function]}
              onKeyUp={[Function]}
              placeholder="Search Postman Docs"
              required={true}
              spellCheck="false"
              type="search"
              value=""
            />
            <button
              className="ais-SearchBox-submit"
              title="Submit your search query."
              type="submit"
            />
            <button
              className="ais-SearchBox-reset"
              hidden={true}
              title="Clear the search query."
              type="reset"
            />
          </form>
        </div>
        <div
          className="input-empty"
        >
          <ul
            className="style"
          >
            <li>
              No search results found
            </li>
          </ul>
        </div>
      </div>
    </div>
    <div
      className="nav-item"
    >
      <a
        className="dynamic-link__internal nav-link"
        href="/getting-started/"
      >
        Getting Started
      </a>
    </div>
    <div
      className="nav-item"
    >
      <a
        className="dynamic-link__internal nav-link"
        href="/concepts/"
      >
        Concepts
      </a>
    </div>
    <div
      className="nav-item"
    >
      <a
        className="dynamic-link__internal nav-link"
        href="/reference/"
      >
        Reference
      </a>
    </div>
    <div
      className="nav-item"
    >
      <a
        className="dynamic-link__internal nav-link"
        href="/docs/"
      >
        Docs
      </a>
    </div>
    <div
      className="nav-item"
    >
      <a
        className="btn btn__primary"
        href="https://identity.getpostman.com/login"
      >
        Sign In
      </a>
    </div>
  </div>
</header>
`;
